// Jest Snapshot v1, https://goo.gl/fbAQLP

exports[`test.coffee 1`] = `
<A.B />

<A.B>{content}</A.B>
~~~~~~~~~~~~~~~~~~~~~~~~~~~~~~~~~~~~~~~~~~~~~~~~~~~~~~~~~~~~~~~~~~~~~~~~~~~~~~~~
<A.B />

<A.B>{content}</A.B>

`;
