// Jest Snapshot v1, https://goo.gl/fbAQLP

exports[`nullish_coalescing_operator.coffee 1`] = `
obj.foo ? 'default'

x = (foo, bar = foo ? bar) ->

if foo then bar ? foo else baz

foo ? (bar ? baz)

foo ? baz || baz

(foo && baz) ? baz
foo and (baz ? baz)
~~~~~~~~~~~~~~~~~~~~~~~~~~~~~~~~~~~~~~~~~~~~~~~~~~~~~~~~~~~~~~~~~~~~~~~~~~~~~~~~
obj.foo ? 'default'

x = (foo, bar = foo ? bar) ->

if foo then bar ? foo else baz

foo ? (bar ? baz)

foo ? baz || baz

(foo && baz) ? baz
foo and (baz ? baz)

`;
