// Jest Snapshot v1, https://goo.gl/fbAQLP

exports[`body.coffee 1`] = `
export default (class)[1] = 1
~~~~~~~~~~~~~~~~~~~~~~~~~~~~~~~~~~~~~~~~~~~~~~~~~~~~~~~~~~~~~~~~~~~~~~~~~~~~~~~~
export default (class)[1] = 1

`;
