// Jest Snapshot v1, https://goo.gl/fbAQLP

exports[`bigint.coffee 1`] = `
42n

0b101010n

0o52n

0x2an
~~~~~~~~~~~~~~~~~~~~~~~~~~~~~~~~~~~~~~~~~~~~~~~~~~~~~~~~~~~~~~~~~~~~~~~~~~~~~~~~
42n

0b101010n

0o52n

0x2an

`;
