// Jest Snapshot v1, https://goo.gl/fbAQLP

exports[`implicit.coffee 1`] = `
->
  return aVeryVeryVeryVeryVeryVeryVeryVeryVeryVeryVeryLong: object, isThisLongEnough: d

->
  return aVeryVeryVeryVeryVeryVeryVeryVeryVeryVeryVeryLong: object, isThisLongEnough: d if condition

aVeryVeryVeryVeryVeryVeryVeryVeryVeryVeryVeryLong: object, isThisLongEnough: d if condition

# unsafe not to break
{a: (-> implicitCall arg), c: d}
~~~~~~~~~~~~~~~~~~~~~~~~~~~~~~~~~~~~~~~~~~~~~~~~~~~~~~~~~~~~~~~~~~~~~~~~~~~~~~~~
->
  return
    aVeryVeryVeryVeryVeryVeryVeryVeryVeryVeryVeryLong: object
    isThisLongEnough: d

->
  return {
    aVeryVeryVeryVeryVeryVeryVeryVeryVeryVeryVeryLong: object
    isThisLongEnough: d
  } if condition

{
  aVeryVeryVeryVeryVeryVeryVeryVeryVeryVeryVeryLong: object
  isThisLongEnough: d
} if condition

# unsafe not to break
a: -> implicitCall arg
c: d

`;

exports[`nested-return.coffee 1`] = `
a = ->
  return
    children:
      __ANY_KEY__: child

a = ->
  children:
    __ANY_KEY__: child

children:
  __ANY_KEY__: child
~~~~~~~~~~~~~~~~~~~~~~~~~~~~~~~~~~~~~~~~~~~~~~~~~~~~~~~~~~~~~~~~~~~~~~~~~~~~~~~~
a = ->
  return
    children:
      __ANY_KEY__: child

a = ->
  children:
    __ANY_KEY__: child

children:
  __ANY_KEY__: child

`;
