// Jest Snapshot v1, https://goo.gl/fbAQLP

exports[`new-target.coffee 1`] = `
->
  new.target
~~~~~~~~~~~~~~~~~~~~~~~~~~~~~~~~~~~~~~~~~~~~~~~~~~~~~~~~~~~~~~~~~~~~~~~~~~~~~~~~
->
  new.target

`;
