// Jest Snapshot v1, https://goo.gl/fbAQLP

exports[`classes.coffee 1`] = `
class c
  ["i"]: ->
~~~~~~~~~~~~~~~~~~~~~~~~~~~~~~~~~~~~~~~~~~~~~~~~~~~~~~~~~~~~~~~~~~~~~~~~~~~~~~~~
class c
  ['i']: ->

`;
