// Jest Snapshot v1, https://goo.gl/fbAQLP

exports[`comments.coffee 1`] = `
class A extends B # comment1
# comment2
# comment3

class A ### a ### extends B
class A extends B ### a ###
class A extends ### a ### B

(class A extends B # comment1
# comment2
# comment3
)

(class A ### a ### extends B)
(class A extends B ### a ###)
(class A extends ### a ### B)

class x
  focus: -> # do nothing
    # do nothing

class X
  TEMPLATE =
    # tab index is needed so we can focus, which is needed for keyboard events
    '<div class="ag-large-text" tabindex="0">' +
    '<div class="ag-large-textarea"></div>' +
    '</div>'

export class SnapshotLogger
  constructor: (
    retentionPeriod = 5 * 60 * 1000, # retain past five minutes
    snapshotInterval = 30 * 1000, # snapshot no more than every 30s
  ) ->
~~~~~~~~~~~~~~~~~~~~~~~~~~~~~~~~~~~~~~~~~~~~~~~~~~~~~~~~~~~~~~~~~~~~~~~~~~~~~~~~
class A extends B # comment1
# comment2
# comment3

class A ### a ### extends B
class A extends B ### a ###
class A ### a ### extends B

(class A extends B) # comment1
# comment2
# comment3

(class A ### a ### extends B)
(class A extends B) ### a ###
(class A ### a ### extends B)

class x
  focus: -> # do nothing
    # do nothing

class X
  TEMPLATE =
    # tab index is needed so we can focus, which is needed for keyboard events
    '<div class="ag-large-text" tabindex="0">' +
    '<div class="ag-large-textarea"></div>' +
    '</div>'

export class SnapshotLogger
  constructor: (
    retentionPeriod = 5 * 60 * 1000 # retain past five minutes
    snapshotInterval = 30 * 1000 # snapshot no more than every 30s
  ) ->

`;
